// Jest Snapshot v1, https://goo.gl/fbAQLP

exports[`Header Component snapshot renders 1`] = `
<h3
  className="sc-AykKC cCzNey"
>
  Exchange
</h3>
`;
